  E1 B0/63 loss=29.3561 mel=12.5334 dur=3.3617
  E1 B50/63 loss=11.5100 mel=10.8684 dur=0.1177
Epoch 1/50 (371s) | Train: total=11.6620 mel=10.4922 dur=0.2272 kl=0.3362 | Val: total=10.9751 mel=9.7341 | LR: 0.000200
  New best model! val_loss=10.9751
  E2 B0/63 loss=10.4753 mel=9.9515 dur=0.0922
  E2 B50/63 loss=9.4137 mel=8.7865 dur=0.1226
Epoch 2/50 (372s) | Train: total=9.7410 mel=9.1653 dur=0.1083 kl=0.3410 | Val: total=10.3266 mel=9.6229 | LR: 0.000199
  New best model! val_loss=10.3266
  E3 B0/63 loss=11.1959 mel=10.5144 dur=0.1334
  E3 B50/63 loss=9.6710 mel=9.2153 dur=0.0893
Epoch 3/50 (381s) | Train: total=9.6623 mel=9.1116 dur=0.1076 kl=0.1285 | Val: total=10.2751 mel=9.6170 | LR: 0.000198
  New best model! val_loss=10.2751
  E4 B0/63 loss=9.4400 mel=8.9563 dur=0.0950
  E4 B50/63 loss=10.1334 mel=9.5188 dur=0.1216
Epoch 4/50 (379s) | Train: total=9.6060 mel=9.0537 dur=0.1089 kl=0.0769 | Val: total=10.2347 mel=9.6414 | LR: 0.000197
  New best model! val_loss=10.2347
  E5 B0/63 loss=9.3419 mel=8.7044 dur=0.1265
  E5 B50/63 loss=10.7551 mel=10.2755 dur=0.0945
Epoch 5/50 (369s) | Train: total=9.6575 mel=9.1195 dur=0.1059 kl=0.0871 | Val: total=10.2147 mel=9.6157 | LR: 0.000195
  New best model! val_loss=10.2147
  E6 B0/63 loss=9.8214 mel=9.2522 dur=0.1125
  E6 B50/63 loss=11.8924 mel=11.2674 dur=0.1239
Epoch 6/50 (365s) | Train: total=9.6073 mel=9.0778 dur=0.1046 kl=0.0664 | Val: total=10.2013 mel=9.6175 | LR: 0.000193
  New best model! val_loss=10.2013
  E7 B0/63 loss=11.0363 mel=10.5572 dur=0.0947
  E7 B50/63 loss=9.8036 mel=9.3585 dur=0.0877
Epoch 7/50 (362s) | Train: total=9.6109 mel=9.0737 dur=0.1062 kl=0.0602 | Val: total=10.2450 mel=9.6506 | LR: 0.000191
  E8 B0/63 loss=9.2194 mel=8.6627 dur=0.1102
  E8 B50/63 loss=10.2816 mel=9.7909 dur=0.0972
Epoch 8/50 (363s) | Train: total=9.5996 mel=9.0785 dur=0.1031 kl=0.0570 | Val: total=10.1672 mel=9.6017 | LR: 0.000188
  New best model! val_loss=10.1672
  E9 B0/63 loss=10.9149 mel=10.4837 dur=0.0850
  E9 B50/63 loss=11.0193 mel=10.4895 dur=0.1042
Epoch 9/50 (370s) | Train: total=9.5960 mel=9.0682 dur=0.1041 kl=0.0714 | Val: total=10.2392 mel=9.6298 | LR: 0.000185
  E10 B0/63 loss=9.1093 mel=8.5945 dur=0.1015
  E10 B50/63 loss=8.7475 mel=8.2934 dur=0.0895
Epoch 10/50 (366s) | Train: total=9.5676 mel=9.0501 dur=0.1020 kl=0.0739 | Val: total=10.0848 mel=9.5115 | LR: 0.000182
  Saved checkpoint: data/checkpoints_v2/checkpoint_epoch_10.pt
  New best model! val_loss=10.0848
  E11 B0/63 loss=11.6273 mel=11.0558 dur=0.1127
  E11 B50/63 loss=10.3755 mel=9.7931 dur=0.1154
Epoch 11/50 (2259s) | Train: total=9.5889 mel=9.0622 dur=0.1039 kl=0.0710 | Val: total=10.1627 mel=9.5629 | LR: 0.000178
  E12 B0/63 loss=10.9009 mel=10.3649 dur=0.1058
  E12 B50/63 loss=9.5469 mel=8.9939 dur=0.1087
Epoch 12/50 (2175s) | Train: total=9.5762 mel=9.0571 dur=0.1021 kl=0.0841 | Val: total=10.1462 mel=9.5142 | LR: 0.000174
  E13 B0/63 loss=9.4926 mel=8.9810 dur=0.1010
  E13 B50/63 loss=9.5126 mel=8.9549 dur=0.1100
Epoch 13/50 (1110s) | Train: total=9.5849 mel=9.0613 dur=0.1030 kl=0.0864 | Val: total=10.1215 mel=9.5366 | LR: 0.000170
  E14 B0/63 loss=11.0837 mel=10.5063 dur=0.1140
  E14 B50/63 loss=11.1807 mel=10.6218 dur=0.1100
Epoch 14/50 (393s) | Train: total=9.5531 mel=9.0425 dur=0.1003 kl=0.0906 | Val: total=10.2099 mel=9.5391 | LR: 0.000166
  E15 B0/63 loss=10.7544 mel=10.2226 dur=0.1048
  E15 B50/63 loss=10.4793 mel=10.0472 dur=0.0850
Epoch 15/50 (396s) | Train: total=9.5487 mel=9.0304 dur=0.1022 kl=0.0735 | Val: total=10.0888 mel=9.5275 | LR: 0.000161
  E16 B0/63 loss=10.7692 mel=10.2540 dur=0.1016
  E16 B50/63 loss=7.9309 mel=7.4606 dur=0.0930
Epoch 16/50 (398s) | Train: total=9.5290 mel=9.0047 dur=0.1035 kl=0.0690 | Val: total=10.0678 mel=9.4903 | LR: 0.000156
  New best model! val_loss=10.0678
  E17 B0/63 loss=9.3126 mel=8.7275 dur=0.1157
  E17 B50/63 loss=9.4677 mel=8.9750 dur=0.0973
Epoch 17/50 (394s) | Train: total=9.5201 mel=9.0122 dur=0.1002 kl=0.0707 | Val: total=10.0743 mel=9.4907 | LR: 0.000151
  E18 B0/63 loss=9.1448 mel=8.5962 dur=0.1085
  E18 B50/63 loss=9.3966 mel=8.8821 dur=0.1015
Epoch 18/50 (396s) | Train: total=9.4412 mel=8.9392 dur=0.0989 kl=0.0753 | Val: total=10.1644 mel=9.5305 | LR: 0.000145
  E19 B0/63 loss=9.6026 mel=9.0880 dur=0.1015
  E19 B50/63 loss=9.9118 mel=9.4330 dur=0.0943
Epoch 19/50 (404s) | Train: total=9.5257 mel=9.0163 dur=0.1004 kl=0.0758 | Val: total=10.0793 mel=9.4747 | LR: 0.000140
  E20 B0/63 loss=9.3693 mel=8.8019 dur=0.1122
  E20 B50/63 loss=10.2089 mel=9.7582 dur=0.0889
Epoch 20/50 (399s) | Train: total=9.4890 mel=8.9819 dur=0.1000 kl=0.0692 | Val: total=10.0712 mel=9.4795 | LR: 0.000134
  Saved checkpoint: data/checkpoints_v2/checkpoint_epoch_20.pt
  E21 B0/63 loss=10.3511 mel=9.8627 dur=0.0966
  E21 B50/63 loss=10.6025 mel=10.0898 dur=0.1011
Epoch 21/50 (395s) | Train: total=9.4552 mel=8.9663 dur=0.0964 kl=0.0670 | Val: total=10.0523 mel=9.4712 | LR: 0.000129
  New best model! val_loss=10.0523
  E22 B0/63 loss=9.8502 mel=9.3182 dur=0.1052
  E22 B50/63 loss=9.7553 mel=9.2920 dur=0.0915
Epoch 22/50 (391s) | Train: total=9.4924 mel=8.9900 dur=0.0991 kl=0.0668 | Val: total=10.0801 mel=9.4895 | LR: 0.000123
  E23 B0/63 loss=11.3218 mel=10.8830 dur=0.0865
  E23 B50/63 loss=9.6894 mel=9.1626 dur=0.1044
Epoch 23/50 (372s) | Train: total=9.4463 mel=8.9556 dur=0.0968 kl=0.0658 | Val: total=10.0510 mel=9.4593 | LR: 0.000117
  New best model! val_loss=10.0510
  E24 B0/63 loss=10.9035 mel=10.3719 dur=0.1051
  E24 B50/63 loss=8.8278 mel=8.3463 dur=0.0952
Epoch 24/50 (385s) | Train: total=9.4823 mel=8.9846 dur=0.0982 kl=0.0659 | Val: total=10.0305 mel=9.4225 | LR: 0.000111
  New best model! val_loss=10.0305
  E25 B0/63 loss=9.1681 mel=8.6655 dur=0.0995
  E25 B50/63 loss=10.1954 mel=9.6255 dur=0.1128
Epoch 25/50 (370s) | Train: total=9.4133 mel=8.9168 dur=0.0980 kl=0.0662 | Val: total=10.0051 mel=9.4289 | LR: 0.000105
  New best model! val_loss=10.0051
  E26 B0/63 loss=9.7845 mel=9.2622 dur=0.1033
  E26 B50/63 loss=10.4767 mel=9.9555 dur=0.1031
Epoch 26/50 (380s) | Train: total=9.4087 mel=8.9250 dur=0.0954 kl=0.0668 | Val: total=10.0668 mel=9.4461 | LR: 0.000099
  E27 B0/63 loss=9.4652 mel=8.8948 dur=0.1129
  E27 B50/63 loss=9.2352 mel=8.7432 dur=0.0972
Epoch 27/50 (375s) | Train: total=9.3800 mel=8.8902 dur=0.0966 kl=0.0666 | Val: total=10.0701 mel=9.4752 | LR: 0.000093
  E28 B0/63 loss=10.5769 mel=10.1096 dur=0.0921
  E28 B50/63 loss=10.7508 mel=10.2480 dur=0.0992
Epoch 28/50 (378s) | Train: total=9.4309 mel=8.9384 dur=0.0972 kl=0.0675 | Val: total=9.9907 mel=9.3835 | LR: 0.000087
  New best model! val_loss=9.9907
  E29 B0/63 loss=9.9526 mel=9.3930 dur=0.1108
  E29 B50/63 loss=10.3772 mel=9.8355 dur=0.1071
Epoch 29/50 (367s) | Train: total=9.4274 mel=8.9302 dur=0.0980 kl=0.0691 | Val: total=10.0943 mel=9.4722 | LR: 0.000081
  E30 B0/63 loss=9.8225 mel=9.3319 dur=0.0967
  E30 B50/63 loss=10.4929 mel=10.0472 dur=0.0876
Epoch 30/50 (374s) | Train: total=9.4274 mel=8.9297 dur=0.0981 kl=0.0725 | Val: total=10.0213 mel=9.4095 | LR: 0.000076
  Saved checkpoint: data/checkpoints_v2/checkpoint_epoch_30.pt
  E31 B0/63 loss=10.1135 mel=9.6169 dur=0.0978
  E31 B50/63 loss=10.1149 mel=9.5314 dur=0.1156
Epoch 31/50 (372s) | Train: total=9.4113 mel=8.9299 dur=0.0949 kl=0.0711 | Val: total=9.9885 mel=9.4076 | LR: 0.000070
  New best model! val_loss=9.9885
  E32 B0/63 loss=9.8829 mel=9.3244 dur=0.1104
  E32 B50/63 loss=10.1850 mel=9.7123 dur=0.0932
Epoch 32/50 (368s) | Train: total=9.3881 mel=8.9087 dur=0.0945 kl=0.0719 | Val: total=10.0116 mel=9.4384 | LR: 0.000065
  E33 B0/63 loss=11.2262 mel=10.6051 dur=0.1231
  E33 B50/63 loss=10.1368 mel=9.5577 dur=0.1144
Epoch 33/50 (360s) | Train: total=9.4373 mel=8.9448 dur=0.0971 kl=0.0693 | Val: total=9.9896 mel=9.3849 | LR: 0.000059
  E34 B0/63 loss=8.8989 mel=8.3661 dur=0.1054
  E34 B50/63 loss=9.8181 mel=9.3683 dur=0.0888
Epoch 34/50 (370s) | Train: total=9.3971 mel=8.9147 dur=0.0951 kl=0.0691 | Val: total=10.0171 mel=9.4334 | LR: 0.000054
  E35 B0/63 loss=9.6322 mel=9.1275 dur=0.0996
  E35 B50/63 loss=9.8926 mel=9.4246 dur=0.0924
Epoch 35/50 (360s) | Train: total=9.3129 mel=8.8317 dur=0.0949 kl=0.0666 | Val: total=9.9782 mel=9.3747 | LR: 0.000049
  New best model! val_loss=9.9782
  E36 B0/63 loss=9.3348 mel=8.8591 dur=0.0940
  E36 B50/63 loss=8.5603 mel=8.0748 dur=0.0959
Epoch 36/50 (356s) | Train: total=9.3711 mel=8.8930 dur=0.0943 kl=0.0674 | Val: total=9.9828 mel=9.3983 | LR: 0.000044
  E37 B0/63 loss=10.7959 mel=10.3247 dur=0.0930
  E37 B50/63 loss=9.4508 mel=8.9416 dur=0.1006
Epoch 37/50 (368s) | Train: total=9.3052 mel=8.8293 dur=0.0939 kl=0.0657 | Val: total=9.9491 mel=9.3643 | LR: 0.000040
  New best model! val_loss=9.9491
  E38 B0/63 loss=9.1615 mel=8.7372 dur=0.0836
  E38 B50/63 loss=9.6385 mel=9.1645 dur=0.0935
Epoch 38/50 (366s) | Train: total=9.3894 mel=8.9129 dur=0.0940 kl=0.0675 | Val: total=9.9794 mel=9.3721 | LR: 0.000036
  E39 B0/63 loss=9.3144 mel=8.8815 dur=0.0854
  E39 B50/63 loss=10.3840 mel=9.9034 dur=0.0949
Epoch 39/50 (357s) | Train: total=9.4185 mel=8.9501 dur=0.0923 kl=0.0689 | Val: total=9.9591 mel=9.3725 | LR: 0.000032
  E40 B0/63 loss=9.4005 mel=8.8979 dur=0.0991
  E40 B50/63 loss=10.3743 mel=9.8723 dur=0.0991
Epoch 40/50 (363s) | Train: total=9.3740 mel=8.8998 dur=0.0934 kl=0.0693 | Val: total=9.9734 mel=9.3802 | LR: 0.000028
  Saved checkpoint: data/checkpoints_v2/checkpoint_epoch_40.pt
  E41 B0/63 loss=9.8629 mel=9.3986 dur=0.0918
  E41 B50/63 loss=10.0365 mel=9.5687 dur=0.0923
Epoch 41/50 (367s) | Train: total=9.3715 mel=8.8997 dur=0.0930 kl=0.0699 | Val: total=9.9699 mel=9.3746 | LR: 0.000025
  E42 B0/63 loss=10.0433 mel=9.5446 dur=0.0986
  E42 B50/63 loss=9.5901 mel=9.1019 dur=0.0964
Epoch 42/50 (384s) | Train: total=9.3124 mel=8.8374 dur=0.0936 kl=0.0685 | Val: total=9.9466 mel=9.3800 | LR: 0.000022
  New best model! val_loss=9.9466
  E43 B0/63 loss=10.5191 mel=10.0908 dur=0.0842
  E43 B50/63 loss=9.0616 mel=8.6027 dur=0.0907
Epoch 43/50 (368s) | Train: total=9.4485 mel=8.9765 dur=0.0931 kl=0.0680 | Val: total=9.9536 mel=9.3777 | LR: 0.000019
  E44 B0/63 loss=10.2421 mel=9.7849 dur=0.0902
  E44 B50/63 loss=10.7024 mel=10.2320 dur=0.0927
Epoch 44/50 (377s) | Train: total=9.3826 mel=8.9137 dur=0.0924 kl=0.0692 | Val: total=9.9241 mel=9.3423 | LR: 0.000017
  New best model! val_loss=9.9241
  E45 B0/63 loss=10.1587 mel=9.7319 dur=0.0841
  E45 B50/63 loss=10.0543 mel=9.6044 dur=0.0887
Epoch 45/50 (370s) | Train: total=9.3296 mel=8.8558 dur=0.0934 kl=0.0684 | Val: total=10.0365 mel=9.4298 | LR: 0.000015
  E46 B0/63 loss=9.9360 mel=9.4823 dur=0.0896
  E46 B50/63 loss=10.1676 mel=9.5698 dur=0.1183
Epoch 46/50 (371s) | Train: total=9.3354 mel=8.8567 dur=0.0944 kl=0.0691 | Val: total=9.9653 mel=9.3868 | LR: 0.000013
  E47 B0/63 loss=8.7694 mel=8.2846 dur=0.0959
  E47 B50/63 loss=9.6811 mel=9.2391 dur=0.0870
Epoch 47/50 (387s) | Train: total=9.3418 mel=8.8692 dur=0.0931 kl=0.0689 | Val: total=9.9439 mel=9.3644 | LR: 0.000012
  E48 B0/63 loss=8.6555 mel=8.1567 dur=0.0987
  E48 B50/63 loss=8.9367 mel=8.4632 dur=0.0935
Epoch 48/50 (378s) | Train: total=9.3921 mel=8.9244 dur=0.0922 kl=0.0693 | Val: total=9.9625 mel=9.3696 | LR: 0.000011
  E49 B0/63 loss=9.1543 mel=8.6469 dur=0.1002
  E49 B50/63 loss=9.7365 mel=9.3053 dur=0.0850
Epoch 49/50 (394s) | Train: total=9.3703 mel=8.9049 dur=0.0917 kl=0.0695 | Val: total=9.9958 mel=9.3898 | LR: 0.000010
  E50 B0/63 loss=10.5301 mel=10.1017 dur=0.0844
  E50 B50/63 loss=9.4814 mel=9.0417 dur=0.0867
Epoch 50/50 (391s) | Train: total=9.3066 mel=8.8352 dur=0.0929 kl=0.0689 | Val: total=10.0358 mel=9.4107 | LR: 0.000010
  Saved checkpoint: data/checkpoints_v2/checkpoint_epoch_50.pt
Training complete! Final model saved to models/vits_final.pt
